
LENOVO@LAPTOP-5T5DHI0G MINGW64 /c/git handsons (master)
$ ls -al
total 13
drwxr-xr-x 1 LENOVO 197609  0 Jun  9 17:45 ./
drwxr-xr-x 1 LENOVO 197609  0 Jun  9 17:42 ../
drwxr-xr-x 1 LENOVO 197609  0 Jun  9 17:46 .git/
-rw-r--r-- 1 LENOVO 197609 31 Jun  9 17:45 welcome.txt

LENOVO@LAPTOP-5T5DHI0G MINGW64 /c/git handsons (master)
$ touch file1.log

LENOVO@LAPTOP-5T5DHI0G MINGW64 /c/git handsons (master)
$ mkdir log

LENOVO@LAPTOP-5T5DHI0G MINGW64 /c/git handsons (master)
$ git status
On branch master
Untracked files:
  (use "git add <file>..." to include in what will be committed)
        file1.log

nothing added to commit but untracked files present (use "git add" to track)

LENOVO@LAPTOP-5T5DHI0G MINGW64 /c/git handsons (master)
$ touch ~/.gitignore_global

LENOVO@LAPTOP-5T5DHI0G MINGW64 /c/git handsons (master)
$ git config --global core.excludesfile ~/.gitignore_global

LENOVO@LAPTOP-5T5DHI0G MINGW64 /c/git handsons (master)
$ vi ~/.gitignore_global

LENOVO@LAPTOP-5T5DHI0G MINGW64 /c/git handsons (master)
$ cat ~/.gitignore_global

LENOVO@LAPTOP-5T5DHI0G MINGW64 /c/git handsons (master)
$ *.log
bash: file1.log: command not found

LENOVO@LAPTOP-5T5DHI0G MINGW64 /c/git handsons (master)
$ git status
On branch master
Untracked files:
  (use "git add <file>..." to include in what will be committed)
        file1.log

nothing added to commit but untracked files present (use "git add" to track)
